:hadoop-plugin-test:test_cycles2
Running test for the file negative/cycles2.gradle
JobDependencyChecker ERROR: workflow cycles2 has a dependency cycle: job1->job4->job2->job1. The workflow dependencies must form a directed, acyclic graph.
:hadoop-plugin-test:test_cycles2 FAILED
