:hadoop-plugin-test:test_scope4
Running test for the file negative/scope4.gradle
:hadoop-plugin-test:test_scope4 FAILED
