:hadoop-plugin-test:test_azkabanZip
Running test for the file positive/azkabanZip.gradle
Hadoop DSL static checker PASSED

