:hadoop-plugin-test:test_basicFlow
Running test for the file positive/basicFlow.gradle
Hadoop DSL static checker PASSED

