:hadoop-plugin-test:test_cloneLookup
Running test for the file positive/cloneLookup.gradle
Hadoop DSL static checker PASSED

