:hadoop-plugin-test:test_definitionSet
Running test for the file positive/definitionSet.gradle
Hadoop DSL static checker PASSED

