:hadoop-plugin-test:test_emergentFlow
Running test for the file positive/emergentFlow.gradle
Hadoop DSL static checker PASSED

