:hadoop-plugin-test:test_flowWithVariableSubstitution
Running test for the file positive/flowWithVariableSubstitution.gradle
Hadoop DSL static checker PASSED

