:hadoop-plugin-test:test_fullyQualifiedLookup
Running test for the file positive/fullyQualifiedLookup.gradle
Hadoop DSL static checker PASSED

