:hadoop-plugin-test:test_groupingWorkflows
Running test for the file positive/groupingWorkflows.gradle
RequiredFieldsChecker WARNING: NoOpJob job2 does not declare any dependencies. It won't do anything.
RequiredFieldsChecker WARNING: NoOpJob sub-job1 does not declare any dependencies. It won't do anything.
RequiredFieldsChecker WARNING: NoOpJob job2 does not declare any dependencies. It won't do anything.
RequiredFieldsChecker WARNING: NoOpJob sub-job1 does not declare any dependencies. It won't do anything.
Hadoop DSL static checker PASSED

BUILD SUCCESSFUL

