:hadoop-plugin-test:test_jobs1
Running test for the file positive/jobs1.gradle
JavaJob has been deprecated in favor of HadoopJavaJob or JavaProcessJob. Please change the job job6 to one of these classes.
Hadoop DSL static checker PASSED

