:hadoop-plugin-test:test_lookups
Running test for the file positive/lookups.gradle
Hadoop DSL static checker PASSED

