:hadoop-plugin-test:test_namespacedFlows
Running test for the file positive/namespacedFlows.gradle
Hadoop DSL static checker PASSED

