:hadoop-plugin-test:test_names
Running test for the file positive/names.gradle
RequiredFieldsChecker WARNING: NoOpJob job2 does not declare any dependencies. It won't do anything.
Hadoop DSL static checker PASSED

