:hadoop-plugin-test:test_scope
Running test for the file positive/scope.gradle
Hadoop DSL static checker PASSED

