:hadoop-plugin-test:test_triangleDependencies
Running test for the file positive/triangleDependencies.gradle
Hadoop DSL static checker PASSED

