:hadoop-plugin-test:test_triggerFlow
Running test for the file positive/triggerFlow.gradle
Hadoop DSL static checker PASSED

