:hadoop-plugin-test:test_workflows
Running test for the file positive/workflows.gradle
WorkflowJobChecker WARNING: Workflow workflowsWorkflow4 does not declare any targets. Use the workflow targets method to declare the target jobs and subflows for the workflow.
WorkflowJobChecker WARNING: Workflow workflowsWorkflow4 contains the job job1 that is not targeted by the workflow and is not a transitive dependency of the workflow targets. This job will not be built.
Hadoop DSL static checker PASSED

